// Jest Snapshot v1, https://goo.gl/fbAQLP

exports[`BeerDetail should render correctly 1`] = `null`;
