// Jest Snapshot v1, https://goo.gl/fbAQLP

exports[`BeerList should render correctly 1`] = `
<RNCSafeAreaView
  edges={
    {
      "bottom": "additive",
      "left": "additive",
      "right": "additive",
      "top": "additive",
    }
  }
  style={
    {
      "backgroundColor": "white",
      "flex": 1,
    }
  }
>
  <View
    style={
      {
        "alignItems": "center",
        "flex": 1,
        "justifyContent": "center",
        "padding": 50,
      }
    }
  >
    <Text
      style={
        {
          "fontSize": 20,
          "fontWeight": "bold",
        }
      }
    >
      We did not find beers... =( 
    </Text>
  </View>
  <View
    accessibilityState={
      {
        "busy": undefined,
        "checked": undefined,
        "disabled": undefined,
        "expanded": undefined,
        "selected": undefined,
      }
    }
    accessibilityValue={
      {
        "max": undefined,
        "min": undefined,
        "now": undefined,
        "text": undefined,
      }
    }
    accessible={true}
    collapsable={false}
    focusable={true}
    onClick={[Function]}
    onResponderGrant={[Function]}
    onResponderMove={[Function]}
    onResponderRelease={[Function]}
    onResponderTerminate={[Function]}
    onResponderTerminationRequest={[Function]}
    onStartShouldSetResponder={[Function]}
    style={
      {
        "alignItems": "center",
        "backgroundColor": "#9F3A52",
        "borderRadius": 56.25,
        "elevation": 6,
        "height": 112.5,
        "justifyContent": "center",
        "opacity": 1,
        "position": "absolute",
        "right": 75,
        "shadowColor": "#000",
        "shadowOffset": {
          "height": 3,
          "width": 0,
        },
        "shadowOpacity": 0.27,
        "shadowRadius": 4.65,
        "top": 112.5,
        "width": 112.5,
      }
    }
  >
    <View
      style={
        {
          "position": "absolute",
        }
      }
    >
      <Text
        allowFontScaling={false}
        selectable={false}
        style={
          [
            {
              "color": "white",
              "fontSize": 60,
            },
            undefined,
            {
              "fontFamily": "Material Design Icons",
              "fontStyle": "normal",
              "fontWeight": "normal",
            },
            {},
          ]
        }
      >
        ó°ˆ²
      </Text>
    </View>
  </View>
</RNCSafeAreaView>
`;
